exports[`Logo-1 1`] = `
<img
  className="sc-bwzfXH jLUnXQ" />
`;
