// Jest Snapshot v1, https://goo.gl/fbAQLP

exports[`<Logo /> renders without crashing 1`] = `
<img
  className="sc-bdVaJa kzBKTv"
  src="logo.svg"
/>
`;
